run=loop4 params=3.16M seq_len=455 n_repeats=4 n_loops=4 causal=True holes=[0,50]
--- eval step 0   (matrices are [loop][copy])
  holes=10 loss=2.7024 loop_losses=[2.7024, 2.7024, 2.7024, 2.7024]
           hole_acc:   0.114 0.114 0.114 0.114 | 0.114 0.114 0.114 0.114 | 0.114 0.114 0.114 0.114 | 0.114 0.114 0.114 0.114
           solve_rate: 0.000 0.000 0.000 0.000 | 0.000 0.000 0.000 0.000 | 0.000 0.000 0.000 0.000 | 0.000 0.000 0.000 0.000
           exact:      0.000 0.000 0.000 0.000 | 0.000 0.000 0.000 0.000 | 0.000 0.000 0.000 0.000 | 0.000 0.000 0.000 0.000
  holes=20 loss=2.6992 loop_losses=[2.6992, 2.6992, 2.6992, 2.6992]
           hole_acc:   0.113 0.113 0.113 0.113 | 0.113 0.113 0.113 0.113 | 0.113 0.113 0.113 0.113 | 0.113 0.113 0.113 0.113
           solve_rate: 0.000 0.000 0.000 0.000 | 0.000 0.000 0.000 0.000 | 0.000 0.000 0.000 0.000 | 0.000 0.000 0.000 0.000
           exact:      0.000 0.000 0.000 0.000 | 0.000 0.000 0.000 0.000 | 0.000 0.000 0.000 0.000 | 0.000 0.000 0.000 0.000
  holes=30 loss=2.6962 loop_losses=[2.6962, 2.6962, 2.6962, 2.6962]
           hole_acc:   0.116 0.116 0.116 0.116 | 0.116 0.116 0.116 0.116 | 0.116 0.116 0.116 0.116 | 0.116 0.116 0.116 0.116
           solve_rate: 0.000 0.000 0.000 0.000 | 0.000 0.000 0.000 0.000 | 0.000 0.000 0.000 0.000 | 0.000 0.000 0.000 0.000
           exact:      0.000 0.000 0.000 0.000 | 0.000 0.000 0.000 0.000 | 0.000 0.000 0.000 0.000 | 0.000 0.000 0.000 0.000
  holes=40 loss=2.6905 loop_losses=[2.6905, 2.6905, 2.6905, 2.6905]
           hole_acc:   0.110 0.110 0.110 0.110 | 0.110 0.110 0.110 0.110 | 0.110 0.110 0.110 0.110 | 0.110 0.110 0.110 0.110
           solve_rate: 0.000 0.000 0.000 0.000 | 0.000 0.000 0.000 0.000 | 0.000 0.000 0.000 0.000 | 0.000 0.000 0.000 0.000
           exact:      0.000 0.000 0.000 0.000 | 0.000 0.000 0.000 0.000 | 0.000 0.000 0.000 0.000 | 0.000 0.000 0.000 0.000
  holes=50 loss=2.6840 loop_losses=[2.684, 2.684, 2.684, 2.684]
           hole_acc:   0.112 0.112 0.112 0.112 | 0.112 0.112 0.112 0.112 | 0.112 0.112 0.112 0.112 | 0.112 0.112 0.112 0.112
           solve_rate: 0.000 0.000 0.000 0.000 | 0.000 0.000 0.000 0.000 | 0.000 0.000 0.000 0.000 | 0.000 0.000 0.000 0.000
           exact:      0.000 0.000 0.000 0.000 | 0.000 0.000 0.000 0.000 | 0.000 0.000 0.000 0.000 | 0.000 0.000 0.000 0.000
  final-loop last-copy solve_rate: {10: 0.0, 20: 0.0, 30: 0.0, 40: 0.0, 50: 0.0}
In file included from /home/lucina/.local/share/uv/python/cpython-3.12.13-linux-x86_64-gnu/include/python3.12/Python.h:12,
                 from /tmp/tmpubhb8876/__triton_launcher.c:7:
/home/lucina/.local/share/uv/python/cpython-3.12.13-linux-x86_64-gnu/include/python3.12/pyconfig.h:1877:9: warning: ‘_POSIX_C_SOURCE’ redefined
 1877 | #define _POSIX_C_SOURCE 200809L
      |         ^~~~~~~~~~~~~~~
In file included from /usr/include/x86_64-linux-gnu/bits/libc-header-start.h:33,
                 from /usr/include/stdlib.h:26,
                 from /home/lucina/Desktop/parallel reasoning/.venv/lib/python3.12/site-packages/triton/backends/nvidia/include/cuda.h:56,
                 from /tmp/tmpubhb8876/__triton_launcher.c:2:
/usr/include/features.h:319:10: note: this is the location of the previous definition
  319 | # define _POSIX_C_SOURCE        202405L
      |          ^~~~~~~~~~~~~~~
In file included from /home/lucina/.local/share/uv/python/cpython-3.12.13-linux-x86_64-gnu/include/python3.12/Python.h:12,
                 from /tmp/tmpmlxhqsvy/__triton_launcher.c:7:
/home/lucina/.local/share/uv/python/cpython-3.12.13-linux-x86_64-gnu/include/python3.12/pyconfig.h:1877:9: warning: ‘_POSIX_C_SOURCE’ redefined
 1877 | #define _POSIX_C_SOURCE 200809L
      |         ^~~~~~~~~~~~~~~
In file included from /usr/include/x86_64-linux-gnu/bits/libc-header-start.h:33,
                 from /usr/include/stdlib.h:26,
                 from /home/lucina/Desktop/parallel reasoning/.venv/lib/python3.12/site-packages/triton/backends/nvidia/include/cuda.h:56,
                 from /tmp/tmpmlxhqsvy/__triton_launcher.c:2:
/usr/include/features.h:319:10: note: this is the location of the previous definition
  319 | # define _POSIX_C_SOURCE        202405L
      |          ^~~~~~~~~~~~~~~
step      0 loss 2.6962 loops=[2.6962, 2.6962, 2.6962, 2.6962] gn 2.95 lr x0.005 2.5k tok/s 12s
step     50 loss 2.3818 loops=[2.3885, 2.3815, 2.3791, 2.3781] gn 0.35 lr x0.255 67.2k tok/s 22s
step    100 loss 2.2791 loops=[2.2858, 2.2791, 2.2762, 2.2754] gn 0.73 lr x0.505 90.7k tok/s 32s
step    150 loss 1.8965 loops=[1.9071, 1.8948, 1.8924, 1.8917] gn 1.30 lr x0.755 102.9k tok/s 43s
step    200 loss 0.8831 loops=[1.1694, 0.8206, 0.7708, 0.7716] gn 3.05 lr x1.000 110.4k tok/s 53s
step    250 loss 0.5756 loops=[0.6074, 0.5663, 0.5634, 0.5651] gn 0.78 lr x0.999 115.4k tok/s 63s
step    300 loss 0.4973 loops=[0.5641, 0.4791, 0.4714, 0.4748] gn 0.70 lr x0.996 118.9k tok/s 74s
step    350 loss 0.4274 loops=[0.5199, 0.4074, 0.3921, 0.39] gn 0.56 lr x0.991 121.6k tok/s 84s
step    400 loss 0.4359 loops=[0.5329, 0.4164, 0.3984, 0.3959] gn 0.84 lr x0.983 123.7k tok/s 94s
step    450 loss 0.3805 loops=[0.4658, 0.364, 0.3469, 0.3451] gn 0.73 lr x0.974 125.3k tok/s 105s
--- eval step 500   (matrices are [loop][copy])
  holes=10 loss=0.2321 loop_losses=[0.2571, 0.2244, 0.2228, 0.2239]
           hole_acc:   0.942 0.941 0.949 0.948 | 0.986 0.997 0.998 0.999 | 0.989 0.998 1.000 1.000 | 0.989 0.998 1.000 1.000
           solve_rate: 0.568 0.543 0.598 0.584 | 0.873 0.969 0.990 0.990 | 0.898 0.984 0.998 0.996 | 0.895 0.982 0.998 0.994
           exact:      0.568 0.543 0.598 0.584 | 0.873 0.969 0.990 0.990 | 0.898 0.984 0.998 0.996 | 0.895 0.982 0.998 0.994
  holes=20 loss=0.2904 loop_losses=[0.346, 0.2742, 0.2698, 0.2716]
           hole_acc:   0.835 0.841 0.848 0.839 | 0.943 0.981 0.988 0.989 | 0.952 0.989 0.994 0.995 | 0.951 0.990 0.994 0.995
           solve_rate: 0.031 0.031 0.037 0.021 | 0.391 0.773 0.846 0.850 | 0.457 0.895 0.953 0.969 | 0.434 0.916 0.971 0.982
           exact:      0.031 0.031 0.037 0.021 | 0.387 0.770 0.840 0.846 | 0.455 0.881 0.939 0.957 | 0.432 0.900 0.955 0.967
  holes=30 loss=0.3647 loop_losses=[0.4695, 0.3435, 0.3235, 0.3222]
           hole_acc:   0.676 0.683 0.698 0.691 | 0.835 0.902 0.920 0.923 | 0.861 0.940 0.956 0.960 | 0.862 0.946 0.965 0.969
           solve_rate: 0.000 0.000 0.000 0.000 | 0.012 0.111 0.168 0.211 | 0.037 0.369 0.549 0.596 | 0.037 0.439 0.693 0.736
           exact:      0.000 0.000 0.000 0.000 | 0.012 0.107 0.162 0.209 | 0.033 0.350 0.520 0.566 | 0.035 0.418 0.646 0.688
  holes=40 loss=0.5011 loop_losses=[0.6371, 0.4851, 0.4456, 0.4366]
           hole_acc:   0.523 0.528 0.537 0.528 | 0.666 0.744 0.762 0.769 | 0.696 0.793 0.824 0.833 | 0.698 0.808 0.848 0.860
           solve_rate: 0.000 0.000 0.000 0.000 | 0.000 0.000 0.002 0.000 | 0.000 0.000 0.020 0.023 | 0.000 0.008 0.055 0.107
           exact:      0.000 0.000 0.000 0.000 | 0.000 0.000 0.002 0.000 | 0.000 0.000 0.016 0.023 | 0.000 0.008 0.041 0.088
  holes=50 loss=0.7395 loop_losses=[0.848, 0.7219, 0.6954, 0.6927]
           hole_acc:   0.372 0.389 0.389 0.387 | 0.477 0.535 0.545 0.545 | 0.491 0.559 0.579 0.585 | 0.490 0.563 0.590 0.596
           solve_rate: 0.000 0.000 0.000 0.000 | 0.000 0.000 0.000 0.000 | 0.000 0.000 0.000 0.000 | 0.000 0.000 0.000 0.000
           exact:      0.000 0.000 0.000 0.000 | 0.000 0.000 0.000 0.000 | 0.000 0.000 0.000 0.000 | 0.000 0.000 0.000 0.000
  final-loop last-copy solve_rate: {10: 0.994140625, 20: 0.982421875, 30: 0.736328125, 40: 0.107421875, 50: 0.0}
step    500 loss 0.3569 loops=[0.4312, 0.3423, 0.3274, 0.3265] gn 0.61 lr x0.963 119.8k tok/s 122s
step    550 loss 0.3981 loops=[0.4806, 0.3849, 0.3649, 0.3619] gn 0.60 lr x0.950 121.4k tok/s 132s
step    600 loss 0.3406 loops=[0.3993, 0.332, 0.3174, 0.3136] gn 0.43 lr x0.934 122.8k tok/s 142s
step    650 loss 0.3485 loops=[0.4084, 0.3385, 0.3251, 0.3222] gn 0.59 lr x0.918 124.0k tok/s 153s
step    700 loss 0.3297 loops=[0.3816, 0.3215, 0.3091, 0.3067] gn 0.34 lr x0.899 125.1k tok/s 163s
step    750 loss 0.3563 loops=[0.4138, 0.3491, 0.333, 0.3295] gn 0.38 lr x0.879 126.0k tok/s 174s
step    800 loss 0.3330 loops=[0.3847, 0.3248, 0.3125, 0.3098] gn 0.30 lr x0.857 126.8k tok/s 184s
step    850 loss 0.2988 loops=[0.3416, 0.2917, 0.2821, 0.2797] gn 0.35 lr x0.834 127.5k tok/s 194s
step    900 loss 0.3352 loops=[0.3836, 0.3296, 0.3156, 0.312] gn 0.29 lr x0.810 128.2k tok/s 205s
step    950 loss 0.3332 loops=[0.3713, 0.3263, 0.3176, 0.3176] gn 0.43 lr x0.784 128.8k tok/s 215s
--- eval step 1000   (matrices are [loop][copy])
  holes=10 loss=0.2092 loop_losses=[0.2162, 0.2071, 0.2066, 0.2068]
           hole_acc:   0.988 0.995 0.997 0.997 | 0.997 1.000 1.000 1.000 | 0.997 1.000 1.000 1.000 | 0.996 1.000 1.000 1.000
           solve_rate: 0.885 0.955 0.967 0.973 | 0.969 0.996 0.998 1.000 | 0.967 0.998 1.000 1.000 | 0.959 0.998 1.000 1.000
           exact:      0.885 0.955 0.967 0.973 | 0.969 0.996 0.998 1.000 | 0.967 0.998 1.000 1.000 | 0.959 0.998 1.000 1.000
  holes=20 loss=0.2551 loop_losses=[0.2713, 0.2504, 0.2491, 0.2495]
           hole_acc:   0.944 0.964 0.968 0.967 | 0.976 0.994 0.996 0.996 | 0.977 0.995 0.996 0.996 | 0.977 0.995 0.996 0.997
           solve_rate: 0.324 0.494 0.547 0.521 | 0.668 0.930 0.961 0.973 | 0.689 0.965 0.986 0.982 | 0.689 0.959 0.984 0.986
           exact:      0.324 0.492 0.547 0.521 | 0.666 0.926 0.957 0.965 | 0.686 0.955 0.975 0.973 | 0.686 0.949 0.975 0.979
  holes=30 loss=0.3063 loop_losses=[0.3545, 0.2962, 0.2877, 0.2869]
           hole_acc:   0.829 0.867 0.872 0.864 | 0.893 0.952 0.964 0.967 | 0.905 0.967 0.976 0.978 | 0.905 0.969 0.977 0.979
           solve_rate: 0.010 0.031 0.029 0.035 | 0.090 0.443 0.582 0.592 | 0.121 0.629 0.781 0.822 | 0.131 0.684 0.850 0.871
           exact:      0.010 0.031 0.029 0.035 | 0.090 0.436 0.572 0.584 | 0.119 0.613 0.752 0.779 | 0.127 0.645 0.797 0.820
  holes=40 loss=0.4094 loop_losses=[0.4982, 0.4032, 0.3725, 0.3639]
           hole_acc:   0.667 0.703 0.709 0.702 | 0.741 0.822 0.843 0.848 | 0.758 0.857 0.888 0.895 | 0.761 0.868 0.902 0.911
           solve_rate: 0.000 0.000 0.000 0.000 | 0.000 0.006 0.012 0.016 | 0.000 0.045 0.135 0.166 | 0.000 0.068 0.217 0.291
           exact:      0.000 0.000 0.000 0.000 | 0.000 0.006 0.012 0.016 | 0.000 0.037 0.123 0.150 | 0.000 0.059 0.191 0.252
  holes=50 loss=0.6525 loop_losses=[0.7197, 0.6475, 0.6239, 0.619]
           hole_acc:   0.485 0.510 0.517 0.505 | 0.528 0.582 0.599 0.600 | 0.540 0.602 0.629 0.638 | 0.538 0.606 0.638 0.645
           solve_rate: 0.000 0.000 0.000 0.000 | 0.000 0.000 0.000 0.000 | 0.000 0.000 0.000 0.000 | 0.000 0.000 0.000 0.000
           exact:      0.000 0.000 0.000 0.000 | 0.000 0.000 0.000 0.000 | 0.000 0.000 0.000 0.000 | 0.000 0.000 0.000 0.000
  final-loop last-copy solve_rate: {10: 1.0, 20: 0.986328125, 30: 0.87109375, 40: 0.291015625, 50: 0.0}
step   1000 loss 0.2766 loops=[0.3059, 0.2717, 0.2653, 0.2634] gn 0.24 lr x0.757 125.7k tok/s 232s
step   1050 loss 0.3055 loops=[0.3378, 0.3023, 0.2923, 0.2898] gn 0.26 lr x0.729 126.3k tok/s 242s
step   1100 loss 0.2657 loops=[0.293, 0.2606, 0.2546, 0.2544] gn 0.19 lr x0.701 126.9k tok/s 253s
step   1150 loss 0.3226 loops=[0.3659, 0.3194, 0.3053, 0.3] gn 0.35 lr x0.671 127.4k tok/s 263s
step   1200 loss 0.3375 loops=[0.382, 0.3337, 0.3189, 0.3154] gn 0.35 lr x0.642 127.9k tok/s 273s
step   1250 loss 0.2986 loops=[0.3348, 0.2958, 0.2837, 0.28] gn 0.28 lr x0.611 128.3k tok/s 284s
step   1300 loss 0.2750 loops=[0.3019, 0.2703, 0.2643, 0.2637] gn 0.17 lr x0.581 128.7k tok/s 294s
step   1350 loss 0.3115 loops=[0.3475, 0.3071, 0.2969, 0.2945] gn 1.03 lr x0.550 129.1k tok/s 305s
step   1400 loss 0.2706 loops=[0.3005, 0.2656, 0.2585, 0.2577] gn 0.16 lr x0.519 129.5k tok/s 315s
step   1450 loss 0.3296 loops=[0.3693, 0.3255, 0.3134, 0.3102] gn 0.53 lr x0.489 129.9k tok/s 325s
--- eval step 1500   (matrices are [loop][copy])
  holes=10 loss=0.2005 loop_losses=[0.206, 0.1989, 0.1986, 0.1987]
           hole_acc:   0.994 1.000 1.000 1.000 | 0.998 1.000 1.000 1.000 | 0.999 1.000 1.000 1.000 | 0.999 1.000 1.000 1.000
           solve_rate: 0.934 0.994 0.996 0.994 | 0.982 1.000 1.000 1.000 | 0.986 1.000 1.000 1.000 | 0.988 1.000 1.000 1.000
           exact:      0.934 0.994 0.996 0.994 | 0.982 1.000 1.000 1.000 | 0.986 1.000 1.000 1.000 | 0.988 1.000 1.000 1.000
  holes=20 loss=0.2442 loop_losses=[0.2545, 0.2415, 0.2404, 0.2405]
           hole_acc:   0.963 0.981 0.985 0.985 | 0.983 0.996 0.996 0.997 | 0.984 0.997 0.997 0.997 | 0.985 0.997 0.996 0.997
           solve_rate: 0.484 0.717 0.768 0.766 | 0.762 0.965 0.979 0.980 | 0.779 0.977 0.977 0.977 | 0.775 0.980 0.980 0.982
           exact:      0.484 0.717 0.766 0.766 | 0.762 0.961 0.973 0.977 | 0.775 0.973 0.971 0.973 | 0.771 0.975 0.973 0.977
  holes=30 loss=0.2895 loop_losses=[0.3242, 0.282, 0.2764, 0.2755]
           hole_acc:   0.862 0.901 0.906 0.906 | 0.916 0.968 0.972 0.975 | 0.924 0.976 0.980 0.981 | 0.926 0.976 0.981 0.983
           solve_rate: 0.025 0.086 0.098 0.102 | 0.154 0.600 0.705 0.729 | 0.207 0.730 0.811 0.834 | 0.213 0.727 0.836 0.854
           exact:      0.025 0.086 0.096 0.102 | 0.154 0.586 0.686 0.707 | 0.205 0.713 0.783 0.803 | 0.211 0.709 0.809 0.822
  holes=40 loss=0.3807 loop_losses=[0.4591, 0.3722, 0.3487, 0.3427]
           hole_acc:   0.704 0.745 0.758 0.751 | 0.774 0.859 0.878 0.883 | 0.793 0.885 0.908 0.915 | 0.796 0.897 0.918 0.925
           solve_rate: 0.000 0.000 0.000 0.000 | 0.000 0.045 0.080 0.113 | 0.002 0.111 0.254 0.328 | 0.004 0.156 0.340 0.418
           exact:      0.000 0.000 0.000 0.000 | 0.000 0.043 0.078 0.102 | 0.002 0.105 0.232 0.291 | 0.004 0.146 0.303 0.357
  holes=50 loss=0.6206 loop_losses=[0.6871, 0.6166, 0.5925, 0.5861]
           hole_acc:   0.510 0.537 0.541 0.532 | 0.553 0.610 0.625 0.628 | 0.563 0.634 0.655 0.661 | 0.563 0.637 0.663 0.672
           solve_rate: 0.000 0.000 0.000 0.000 | 0.000 0.000 0.000 0.000 | 0.000 0.000 0.000 0.000 | 0.000 0.000 0.004 0.002
           exact:      0.000 0.000 0.000 0.000 | 0.000 0.000 0.000 0.000 | 0.000 0.000 0.000 0.000 | 0.000 0.000 0.004 0.002
  final-loop last-copy solve_rate: {10: 1.0, 20: 0.982421875, 30: 0.853515625, 40: 0.41796875, 50: 0.001953125}
step   1500 loss 0.2985 loops=[0.3299, 0.2941, 0.286, 0.2841] gn 0.17 lr x0.458 127.7k tok/s 342s
step   1550 loss 0.3035 loops=[0.3401, 0.2993, 0.2879, 0.2869] gn 0.27 lr x0.429 128.1k tok/s 353s
step   1600 loss 0.3065 loops=[0.3405, 0.3029, 0.2932, 0.2895] gn 0.26 lr x0.399 128.4k tok/s 363s
step   1650 loss 0.3121 loops=[0.349, 0.3085, 0.2969, 0.2938] gn 0.15 lr x0.371 128.7k tok/s 373s
step   1700 loss 0.2805 loops=[0.3084, 0.2776, 0.2694, 0.2666] gn 0.19 lr x0.343 129.1k tok/s 384s
step   1750 loss 0.2850 loops=[0.3168, 0.2803, 0.2726, 0.2704] gn 0.16 lr x0.316 129.4k tok/s 394s
step   1800 loss 0.2672 loops=[0.2971, 0.2629, 0.2552, 0.2535] gn 0.16 lr x0.290 129.6k tok/s 405s
step   1850 loss 0.3018 loops=[0.3384, 0.2971, 0.2875, 0.2844] gn 0.20 lr x0.266 129.9k tok/s 415s
step   1900 loss 0.2873 loops=[0.3193, 0.2818, 0.2749, 0.2734] gn 0.15 lr x0.243 130.2k tok/s 425s
step   1950 loss 0.2852 loops=[0.3147, 0.2803, 0.2734, 0.2722] gn 0.39 lr x0.221 130.4k tok/s 436s
--- eval step 2000   (matrices are [loop][copy])
  holes=10 loss=0.1964 loop_losses=[0.2005, 0.1953, 0.1949, 0.195]
           hole_acc:   0.997 1.000 1.000 1.000 | 1.000 1.000 1.000 1.000 | 1.000 1.000 1.000 1.000 | 1.000 1.000 1.000 1.000
           solve_rate: 0.967 1.000 0.998 0.998 | 0.998 1.000 1.000 1.000 | 0.998 1.000 1.000 1.000 | 0.994 1.000 1.000 1.000
           exact:      0.967 1.000 0.998 0.998 | 0.998 1.000 1.000 1.000 | 0.998 1.000 1.000 1.000 | 0.994 1.000 1.000 1.000
  holes=20 loss=0.2395 loop_losses=[0.2475, 0.2375, 0.2366, 0.2365]
           hole_acc:   0.971 0.985 0.988 0.989 | 0.986 0.997 0.997 0.997 | 0.988 0.997 0.997 0.997 | 0.988 0.997 0.997 0.997
           solve_rate: 0.584 0.770 0.822 0.818 | 0.816 0.980 0.980 0.979 | 0.842 0.980 0.984 0.984 | 0.842 0.982 0.984 0.980
           exact:      0.584 0.768 0.822 0.818 | 0.812 0.977 0.977 0.975 | 0.836 0.977 0.977 0.977 | 0.834 0.977 0.977 0.975
  holes=30 loss=0.2815 loop_losses=[0.3102, 0.2747, 0.2709, 0.2705]
           hole_acc:   0.880 0.919 0.925 0.922 | 0.929 0.973 0.979 0.979 | 0.935 0.978 0.981 0.983 | 0.936 0.977 0.981 0.982
           solve_rate: 0.051 0.156 0.193 0.160 | 0.211 0.656 0.773 0.773 | 0.254 0.758 0.824 0.840 | 0.258 0.789 0.832 0.838
           exact:      0.051 0.156 0.191 0.158 | 0.211 0.645 0.754 0.760 | 0.250 0.730 0.799 0.812 | 0.256 0.754 0.803 0.812
  holes=40 loss=0.3647 loop_losses=[0.4399, 0.3546, 0.3347, 0.3298]
           hole_acc:   0.722 0.765 0.771 0.768 | 0.793 0.872 0.894 0.899 | 0.811 0.899 0.920 0.925 | 0.814 0.906 0.927 0.931
           solve_rate: 0.000 0.000 0.002 0.002 | 0.002 0.076 0.143 0.162 | 0.006 0.164 0.334 0.385 | 0.012 0.215 0.432 0.488
           exact:      0.000 0.000 0.002 0.002 | 0.002 0.068 0.135 0.158 | 0.006 0.143 0.295 0.344 | 0.012 0.188 0.377 0.416
  holes=50 loss=0.5977 loop_losses=[0.667, 0.5945, 0.5686, 0.5606]
           hole_acc:   0.528 0.554 0.560 0.555 | 0.577 0.627 0.645 0.648 | 0.583 0.653 0.678 0.683 | 0.584 0.661 0.687 0.699
           solve_rate: 0.000 0.000 0.000 0.000 | 0.000 0.000 0.000 0.000 | 0.000 0.000 0.000 0.000 | 0.000 0.000 0.002 0.006
           exact:      0.000 0.000 0.000 0.000 | 0.000 0.000 0.000 0.000 | 0.000 0.000 0.000 0.000 | 0.000 0.000 0.002 0.006
  final-loop last-copy solve_rate: {10: 1.0, 20: 0.98046875, 30: 0.837890625, 40: 0.48828125, 50: 0.005859375}
step   2000 loss 0.2896 loops=[0.3171, 0.2854, 0.2784, 0.2775] gn 0.21 lr x0.201 128.8k tok/s 453s
step   2050 loss 0.2978 loops=[0.332, 0.2934, 0.2839, 0.2817] gn 0.16 lr x0.182 129.0k tok/s 463s
step   2100 loss 0.2863 loops=[0.3115, 0.2819, 0.2761, 0.2756] gn 0.21 lr x0.166 129.3k tok/s 473s
step   2150 loss 0.2632 loops=[0.2903, 0.2593, 0.2523, 0.2509] gn 0.15 lr x0.150 129.5k tok/s 484s
step   2200 loss 0.2956 loops=[0.3282, 0.2913, 0.2826, 0.2803] gn 0.16 lr x0.137 129.7k tok/s 494s
step   2250 loss 0.2818 loops=[0.3145, 0.2765, 0.2688, 0.2672] gn 0.12 lr x0.126 130.0k tok/s 504s
step   2300 loss 0.2978 loops=[0.3379, 0.2923, 0.2821, 0.2789] gn 0.17 lr x0.117 130.2k tok/s 515s
step   2350 loss 0.2774 loops=[0.3126, 0.2729, 0.2634, 0.2607] gn 0.16 lr x0.109 130.4k tok/s 525s
step   2400 loss 0.3079 loops=[0.3419, 0.3034, 0.294, 0.2923] gn 0.23 lr x0.104 130.6k tok/s 536s
step   2450 loss 0.2692 loops=[0.2993, 0.2648, 0.257, 0.2556] gn 0.15 lr x0.101 130.7k tok/s 546s
--- eval step 2500   (matrices are [loop][copy])
  holes=10 loss=0.1943 loop_losses=[0.1975, 0.1936, 0.193, 0.193]
           hole_acc:   0.998 1.000 1.000 1.000 | 0.999 1.000 1.000 1.000 | 0.999 1.000 1.000 1.000 | 0.999 1.000 1.000 1.000
           solve_rate: 0.977 1.000 0.998 0.998 | 0.992 0.998 1.000 1.000 | 0.992 1.000 1.000 1.000 | 0.992 1.000 1.000 1.000
           exact:      0.977 1.000 0.998 0.998 | 0.992 0.998 1.000 1.000 | 0.992 1.000 1.000 1.000 | 0.992 1.000 1.000 1.000
  holes=20 loss=0.2365 loop_losses=[0.2435, 0.235, 0.2339, 0.2338]
           hole_acc:   0.977 0.987 0.989 0.991 | 0.989 0.997 0.997 0.997 | 0.989 0.997 0.997 0.997 | 0.989 0.997 0.997 0.997
           solve_rate: 0.668 0.789 0.840 0.852 | 0.848 0.977 0.979 0.986 | 0.861 0.977 0.975 0.977 | 0.863 0.980 0.973 0.975
           exact:      0.666 0.789 0.838 0.852 | 0.846 0.971 0.975 0.979 | 0.857 0.975 0.973 0.975 | 0.859 0.975 0.971 0.971
  holes=30 loss=0.2775 loop_losses=[0.3036, 0.2712, 0.2678, 0.2672]
           hole_acc:   0.885 0.923 0.929 0.928 | 0.933 0.974 0.979 0.980 | 0.938 0.978 0.981 0.982 | 0.940 0.979 0.982 0.982
           solve_rate: 0.068 0.195 0.215 0.197 | 0.252 0.705 0.785 0.801 | 0.291 0.766 0.830 0.822 | 0.312 0.791 0.816 0.809
           exact:      0.068 0.191 0.215 0.195 | 0.252 0.693 0.766 0.777 | 0.287 0.756 0.803 0.805 | 0.305 0.766 0.805 0.799
  holes=40 loss=0.3567 loop_losses=[0.4291, 0.3461, 0.3281, 0.3236]
           hole_acc:   0.730 0.773 0.783 0.784 | 0.802 0.884 0.900 0.908 | 0.820 0.906 0.922 0.928 | 0.822 0.912 0.930 0.933
           solve_rate: 0.000 0.000 0.002 0.002 | 0.010 0.092 0.184 0.195 | 0.010 0.186 0.340 0.383 | 0.014 0.240 0.416 0.457
           exact:      0.000 0.000 0.002 0.002 | 0.010 0.092 0.174 0.182 | 0.010 0.174 0.312 0.352 | 0.014 0.215 0.367 0.398
  holes=50 loss=0.5866 loop_losses=[0.6583, 0.5833, 0.5567, 0.5481]
           hole_acc:   0.532 0.558 0.568 0.567 | 0.583 0.639 0.656 0.663 | 0.592 0.662 0.683 0.695 | 0.593 0.669 0.695 0.706
           solve_rate: 0.000 0.000 0.000 0.000 | 0.000 0.000 0.000 0.000 | 0.000 0.000 0.000 0.002 | 0.000 0.002 0.006 0.010
           exact:      0.000 0.000 0.000 0.000 | 0.000 0.000 0.000 0.000 | 0.000 0.000 0.000 0.002 | 0.000 0.002 0.006 0.008
  final-loop last-copy solve_rate: {10: 1.0, 20: 0.974609375, 30: 0.80859375, 40: 0.45703125, 50: 0.009765625}
run=noloop params=3.16M seq_len=455 n_repeats=4 n_loops=1 causal=True holes=[0,50]
--- eval step 0   (matrices are [loop][copy])
  holes=10 loss=2.7024 loop_losses=[2.7024]
           hole_acc:   0.114 0.114 0.114 0.114
           solve_rate: 0.000 0.000 0.000 0.000
           exact:      0.000 0.000 0.000 0.000
  holes=20 loss=2.6992 loop_losses=[2.6992]
           hole_acc:   0.113 0.113 0.113 0.113
           solve_rate: 0.000 0.000 0.000 0.000
           exact:      0.000 0.000 0.000 0.000
  holes=30 loss=2.6962 loop_losses=[2.6962]
           hole_acc:   0.116 0.116 0.116 0.116
           solve_rate: 0.000 0.000 0.000 0.000
           exact:      0.000 0.000 0.000 0.000
  holes=40 loss=2.6905 loop_losses=[2.6905]
           hole_acc:   0.110 0.110 0.110 0.110
           solve_rate: 0.000 0.000 0.000 0.000
           exact:      0.000 0.000 0.000 0.000
  holes=50 loss=2.6840 loop_losses=[2.684]
           hole_acc:   0.112 0.112 0.112 0.112
           solve_rate: 0.000 0.000 0.000 0.000
           exact:      0.000 0.000 0.000 0.000
  final-loop last-copy solve_rate: {10: 0.0, 20: 0.0, 30: 0.0, 40: 0.0, 50: 0.0}
W0903 13:24:32.771000 9351 .venv/lib/python3.12/site-packages/torch/_inductor/utils.py:1731] [0/0] Not enough SMs to use max_autotune_gemm mode
step      0 loss 2.6962 loops=[2.6962] gn 2.94 lr x0.005 1.7k tok/s 18s
step     50 loss 2.3885 loops=[2.3885] gn 0.33 lr x0.255 72.5k tok/s 20s
step    100 loss 2.2962 loops=[2.2962] gn 1.01 lr x0.505 125.5k tok/s 23s
step    150 loss 1.9138 loops=[1.9138] gn 0.69 lr x0.755 166.8k tok/s 26s
step    200 loss 1.4032 loops=[1.4032] gn 4.34 lr x1.000 199.6k tok/s 29s
step    250 loss 0.6342 loops=[0.6342] gn 1.73 lr x0.999 226.3k tok/s 32s
step    300 loss 0.5550 loops=[0.555] gn 0.67 lr x0.996 248.5k tok/s 35s
step    350 loss 0.4945 loops=[0.4945] gn 0.81 lr x0.991 267.3k tok/s 38s
step    400 loss 0.4767 loops=[0.4767] gn 0.60 lr x0.983 283.3k tok/s 41s
step    450 loss 0.4080 loops=[0.408] gn 0.58 lr x0.974 297.2k tok/s 44s
--- eval step 500   (matrices are [loop][copy])
  holes=10 loss=0.2458 loop_losses=[0.2458]
           hole_acc:   0.967 0.988 0.989 0.990
           solve_rate: 0.707 0.877 0.898 0.896
           exact:      0.707 0.877 0.898 0.896
  holes=20 loss=0.3105 loop_losses=[0.3105]
           hole_acc:   0.871 0.929 0.931 0.930
           solve_rate: 0.068 0.240 0.254 0.227
           exact:      0.068 0.240 0.254 0.227
  holes=30 loss=0.4022 loop_losses=[0.4022]
           hole_acc:   0.743 0.811 0.812 0.817
           solve_rate: 0.000 0.002 0.000 0.004
           exact:      0.000 0.002 0.000 0.004
  holes=40 loss=0.5467 loop_losses=[0.5467]
           hole_acc:   0.584 0.650 0.658 0.659
           solve_rate: 0.000 0.000 0.000 0.000
           exact:      0.000 0.000 0.000 0.000
  holes=50 loss=0.7570 loop_losses=[0.757]
           hole_acc:   0.430 0.477 0.479 0.480
           solve_rate: 0.000 0.000 0.000 0.000
           exact:      0.000 0.000 0.000 0.000
  final-loop last-copy solve_rate: {10: 0.896484375, 20: 0.2265625, 30: 0.00390625, 40: 0.0, 50: 0.0}
step    500 loss 0.3836 loops=[0.3836] gn 0.49 lr x0.963 298.7k tok/s 49s
step    550 loss 0.4320 loops=[0.432] gn 0.47 lr x0.950 309.5k tok/s 52s
step    600 loss 0.3737 loops=[0.3737] gn 0.37 lr x0.934 319.2k tok/s 55s
step    650 loss 0.3779 loops=[0.3779] gn 0.29 lr x0.918 327.9k tok/s 58s
step    700 loss 0.3577 loops=[0.3577] gn 0.32 lr x0.899 336.1k tok/s 61s
step    750 loss 0.3895 loops=[0.3895] gn 0.33 lr x0.879 343.6k tok/s 64s
step    800 loss 0.3714 loops=[0.3714] gn 0.40 lr x0.857 350.5k tok/s 67s
step    850 loss 0.3287 loops=[0.3287] gn 0.26 lr x0.834 356.8k tok/s 69s
step    900 loss 0.3681 loops=[0.3681] gn 0.21 lr x0.810 362.5k tok/s 72s
step    950 loss 0.3650 loops=[0.365] gn 0.24 lr x0.784 367.8k tok/s 75s
--- eval step 1000   (matrices are [loop][copy])
  holes=10 loss=0.2112 loop_losses=[0.2112]
           hole_acc:   0.991 0.996 0.997 0.996
           solve_rate: 0.908 0.961 0.973 0.965
           exact:      0.908 0.961 0.973 0.965
  holes=20 loss=0.2661 loop_losses=[0.2661]
           hole_acc:   0.941 0.965 0.967 0.967
           solve_rate: 0.344 0.523 0.553 0.549
           exact:      0.342 0.523 0.553 0.549
  holes=30 loss=0.3475 loop_losses=[0.3475]
           hole_acc:   0.834 0.863 0.867 0.868
           solve_rate: 0.012 0.018 0.023 0.029
           exact:      0.012 0.018 0.023 0.029
  holes=40 loss=0.4874 loop_losses=[0.4874]
           hole_acc:   0.673 0.705 0.711 0.710
           solve_rate: 0.000 0.000 0.000 0.000
           exact:      0.000 0.000 0.000 0.000
  holes=50 loss=0.7061 loop_losses=[0.7061]
           hole_acc:   0.493 0.516 0.521 0.521
           solve_rate: 0.000 0.000 0.000 0.000
           exact:      0.000 0.000 0.000 0.000
  final-loop last-copy solve_rate: {10: 0.96484375, 20: 0.548828125, 30: 0.029296875, 40: 0.0, 50: 0.0}
step   1000 loss 0.2991 loops=[0.2991] gn 0.21 lr x0.757 364.8k tok/s 80s
step   1050 loss 0.3311 loops=[0.3311] gn 0.23 lr x0.729 369.3k tok/s 83s
step   1100 loss 0.2893 loops=[0.2893] gn 0.24 lr x0.701 373.6k tok/s 86s
step   1150 loss 0.3605 loops=[0.3605] gn 0.21 lr x0.671 377.8k tok/s 89s
step   1200 loss 0.3788 loops=[0.3788] gn 0.24 lr x0.642 381.7k tok/s 92s
step   1250 loss 0.3336 loops=[0.3336] gn 0.23 lr x0.611 385.3k tok/s 95s
step   1300 loss 0.3016 loops=[0.3016] gn 0.19 lr x0.581 388.7k tok/s 97s
step   1350 loss 0.3463 loops=[0.3463] gn 0.21 lr x0.550 391.9k tok/s 100s
step   1400 loss 0.3032 loops=[0.3032] gn 0.22 lr x0.519 395.0k tok/s 103s
step   1450 loss 0.3724 loops=[0.3724] gn 0.23 lr x0.489 397.5k tok/s 106s
--- eval step 1500   (matrices are [loop][copy])
  holes=10 loss=0.2043 loop_losses=[0.2043]
           hole_acc:   0.996 0.998 0.997 0.997
           solve_rate: 0.963 0.980 0.980 0.982
           exact:      0.963 0.980 0.980 0.982
  holes=20 loss=0.2551 loop_losses=[0.2551]
           hole_acc:   0.962 0.976 0.977 0.978
           solve_rate: 0.520 0.658 0.656 0.680
           exact:      0.518 0.658 0.656 0.680
  holes=30 loss=0.3292 loop_losses=[0.3292]
           hole_acc:   0.863 0.882 0.892 0.890
           solve_rate: 0.020 0.045 0.053 0.053
           exact:      0.020 0.045 0.051 0.053
  holes=40 loss=0.4639 loop_losses=[0.4639]
           hole_acc:   0.706 0.730 0.740 0.736
           solve_rate: 0.000 0.000 0.000 0.000
           exact:      0.000 0.000 0.000 0.000
  holes=50 loss=0.6830 loop_losses=[0.683]
           hole_acc:   0.516 0.535 0.541 0.542
           solve_rate: 0.000 0.000 0.000 0.000
           exact:      0.000 0.000 0.000 0.000
  final-loop last-copy solve_rate: {10: 0.982421875, 20: 0.6796875, 30: 0.052734375, 40: 0.0, 50: 0.0}
step   1500 loss 0.3290 loops=[0.329] gn 0.20 lr x0.458 393.7k tok/s 111s
step   1550 loss 0.3429 loops=[0.3429] gn 0.25 lr x0.429 396.0k tok/s 114s
step   1600 loss 0.3396 loops=[0.3396] gn 0.18 lr x0.399 398.3k tok/s 117s
step   1650 loss 0.3517 loops=[0.3517] gn 0.20 lr x0.371 400.6k tok/s 120s
step   1700 loss 0.3070 loops=[0.307] gn 0.21 lr x0.343 403.0k tok/s 123s
step   1750 loss 0.3162 loops=[0.3162] gn 0.20 lr x0.316 405.2k tok/s 126s
step   1800 loss 0.2972 loops=[0.2972] gn 0.19 lr x0.290 407.4k tok/s 129s
step   1850 loss 0.3407 loops=[0.3407] gn 0.21 lr x0.266 409.4k tok/s 132s
step   1900 loss 0.3220 loops=[0.322] gn 0.18 lr x0.243 411.4k tok/s 135s
step   1950 loss 0.3147 loops=[0.3147] gn 0.16 lr x0.221 413.1k tok/s 138s
--- eval step 2000   (matrices are [loop][copy])
  holes=10 loss=0.2010 loop_losses=[0.201]
           hole_acc:   0.999 0.999 0.999 0.999
           solve_rate: 0.988 0.990 0.992 0.988
           exact:      0.988 0.990 0.992 0.988
  holes=20 loss=0.2483 loop_losses=[0.2483]
           hole_acc:   0.976 0.984 0.983 0.985
           solve_rate: 0.666 0.770 0.756 0.770
           exact:      0.664 0.770 0.756 0.768
  holes=30 loss=0.3144 loop_losses=[0.3144]
           hole_acc:   0.890 0.908 0.908 0.909
           solve_rate: 0.049 0.107 0.094 0.102
           exact:      0.049 0.107 0.094 0.100
  holes=40 loss=0.4429 loop_losses=[0.4429]
           hole_acc:   0.737 0.756 0.760 0.757
           solve_rate: 0.000 0.000 0.000 0.000
           exact:      0.000 0.000 0.000 0.000
  holes=50 loss=0.6650 loop_losses=[0.665]
           hole_acc:   0.536 0.556 0.559 0.560
           solve_rate: 0.000 0.000 0.000 0.000
           exact:      0.000 0.000 0.000 0.000
  final-loop last-copy solve_rate: {10: 0.98828125, 20: 0.76953125, 30: 0.1015625, 40: 0.0, 50: 0.0}
step   2000 loss 0.3180 loops=[0.318] gn 0.19 lr x0.201 409.5k tok/s 142s
step   2050 loss 0.3316 loops=[0.3316] gn 0.18 lr x0.182 411.0k tok/s 145s
step   2100 loss 0.3116 loops=[0.3116] gn 0.18 lr x0.166 412.6k tok/s 148s
step   2150 loss 0.2922 loops=[0.2922] gn 0.18 lr x0.150 414.0k tok/s 151s
step   2200 loss 0.3277 loops=[0.3277] gn 0.25 lr x0.137 415.5k tok/s 154s
step   2250 loss 0.3154 loops=[0.3154] gn 0.20 lr x0.126 416.9k tok/s 157s
step   2300 loss 0.3341 loops=[0.3341] gn 0.21 lr x0.117 418.2k tok/s 160s
step   2350 loss 0.3111 loops=[0.3111] gn 0.21 lr x0.109 419.6k tok/s 163s
step   2400 loss 0.3427 loops=[0.3427] gn 0.27 lr x0.104 420.8k tok/s 166s
step   2450 loss 0.2984 loops=[0.2984] gn 0.17 lr x0.101 421.9k tok/s 169s
--- eval step 2500   (matrices are [loop][copy])
  holes=10 loss=0.1985 loop_losses=[0.1985]
           hole_acc:   0.999 0.999 1.000 0.999
           solve_rate: 0.988 0.996 0.998 0.996
           exact:      0.988 0.996 0.998 0.996
  holes=20 loss=0.2436 loop_losses=[0.2436]
           hole_acc:   0.981 0.988 0.989 0.988
           solve_rate: 0.738 0.816 0.832 0.830
           exact:      0.736 0.816 0.832 0.828
  holes=30 loss=0.3042 loop_losses=[0.3042]
           hole_acc:   0.909 0.920 0.921 0.924
           solve_rate: 0.105 0.137 0.162 0.162
           exact:      0.105 0.137 0.162 0.162
  holes=40 loss=0.4297 loop_losses=[0.4297]
           hole_acc:   0.754 0.771 0.775 0.774
           solve_rate: 0.000 0.000 0.000 0.000
           exact:      0.000 0.000 0.000 0.000
  holes=50 loss=0.6542 loop_losses=[0.6542]
           hole_acc:   0.551 0.565 0.570 0.569
           solve_rate: 0.000 0.000 0.000 0.000
           exact:      0.000 0.000 0.000 0.000
  final-loop last-copy solve_rate: {10: 0.99609375, 20: 0.830078125, 30: 0.162109375, 40: 0.0, 50: 0.0}
